Set paper size 	297.6377985	419.5275636
Begin page
Mx 	14.8819
My 	29.1307
Set font 	Gentium Plus;10;400;;normal;;LTR
T	36 w=5.9521	(A)
Mx 	23.4942
T	71 72 73 68 88 79 87 w=28.9697	(default)
Draw SVG	29.1307	50.0684	10.5957	1.0000	2.5 2.44140625 m 1 2.44140625 1.5 5.09033203125 v 2 7.7392578125 0 7.7392578125 v 3 7.7392578125 2 5.09033203125 y 1 2.44140625 2.5 2.44140625 y 2.5 13.037109375 m 1 13.037109375 1.5 10.38818359375 v 2 7.7392578125 0 7.7392578125 v 3 7.7392578125 2 10.38818359375 y 1 13.037109375 2.5 13.037109375 y 1 J 1 j 0 0 0 RG 0 0 0 rg 0.33 w B
Mx 	60.1241
T	79 72 73 87 w=13.8818	(left)
Mx 	74.0059
T	16 w=3.3691	(-)
Mx 	77.3751
T	69 85 68 70 72 71 w=27.8174	(braced)
Mx 	107.8526
T	69 82 91 w=15.1367	(box)
Mx 	14.8819
My 	47.1307
T	36 w=5.9521	(A)
Mx 	23.4935
T	71 72 73 68 88 79 87 w=28.9697	(default)
Draw SVG	47.1307	56.6943	10.5957	1.0000	54.1943359375 2.44140625 m 55.6943359375 2.44140625 55.1943359375 5.09033203125 v 54.6943359375 7.7392578125 56.6943359375 7.7392578125 v 53.6943359375 7.7392578125 54.6943359375 5.09033203125 y 55.6943359375 2.44140625 54.1943359375 2.44140625 y 54.1943359375 13.037109375 m 55.6943359375 13.037109375 55.1943359375 10.38818359375 v 54.6943359375 7.7392578125 56.6943359375 7.7392578125 v 53.6943359375 7.7392578125 54.6943359375 10.38818359375 y 55.6943359375 13.037109375 54.1943359375 13.037109375 y 1 J 1 j 0 0 0 RG 0 0 0 rg 0.33 w B
Mx 	55.1226
T	85 76 74 75 87 w=20.5078	(right)
Mx 	75.6305
T	16 w=3.3691	(-)
Mx 	78.9996
T	69 85 68 70 72 71 w=27.8174	(braced)
Mx 	114.4764
T	69 82 91 w=15.1367	(box)
Mx 	14.8819
My 	65.1307
T	36 w=5.9521	(A)
Mx 	23.4956
T	71 72 73 68 88 79 87 w=28.9697	(default)
Draw SVG	65.1307	37.8174	10.5957	1.0000	2.5 2.44140625 m 1 2.44140625 1.5 5.09033203125 v 2 7.7392578125 0 7.7392578125 v 3 7.7392578125 2 5.09033203125 y 1 2.44140625 2.5 2.44140625 y 2.5 13.037109375 m 1 13.037109375 1.5 10.38818359375 v 2 7.7392578125 0 7.7392578125 v 3 7.7392578125 2 10.38818359375 y 1 13.037109375 2.5 13.037109375 y 1 J 1 j 0 0 0 RG 0 0 0 rg 0.33 w B 35.3173828125 2.44140625 m 36.8173828125 2.44140625 36.3173828125 5.09033203125 v 35.8173828125 7.7392578125 37.8173828125 7.7392578125 v 34.8173828125 7.7392578125 35.8173828125 5.09033203125 y 36.8173828125 2.44140625 35.3173828125 2.44140625 y 35.3173828125 13.037109375 m 36.8173828125 13.037109375 36.3173828125 10.38818359375 v 35.8173828125 7.7392578125 37.8173828125 7.7392578125 v 34.8173828125 7.7392578125 35.8173828125 10.38818359375 y 36.8173828125 13.037109375 35.3173828125 13.037109375 y 1 J 1 j 0 0 0 RG 0 0 0 rg 0.33 w B
Mx 	60.1268
T	69 85 68 70 72 71 w=27.8174	(braced)
Mx 	95.6057
T	69 82 91 w=15.1367	(box)
Mx 	14.8819
My 	83.1307
T	49 82 w=11.5186	(No)
Mx 	29.0603
T	87 75 76 70 78 81 72 86 86 w=38.7793	(thickness)
Draw SVG	83.1307	37.8174	10.5957	1.0000	2.5 2.44140625 m 1 2.44140625 1.5 5.09033203125 v 2 7.7392578125 0 7.7392578125 v 2 7.7392578125 1.5 5.09033203125 y 1 2.44140625 2.5 2.44140625 y 2.5 13.037109375 m 1 13.037109375 1.5 10.38818359375 v 2 7.7392578125 0 7.7392578125 v 2 7.7392578125 1.5 10.38818359375 y 1 13.037109375 2.5 13.037109375 y 1 J 1 j 0 0 0 RG 0 0 0 rg 0.33 w B 35.3173828125 2.44140625 m 36.8173828125 2.44140625 36.3173828125 5.09033203125 v 35.8173828125 7.7392578125 37.8173828125 7.7392578125 v 35.8173828125 7.7392578125 36.3173828125 5.09033203125 y 36.8173828125 2.44140625 35.3173828125 2.44140625 y 35.3173828125 13.037109375 m 36.8173828125 13.037109375 36.3173828125 10.38818359375 v 35.8173828125 7.7392578125 37.8173828125 7.7392578125 v 35.8173828125 7.7392578125 36.3173828125 10.38818359375 y 36.8173828125 13.037109375 35.3173828125 13.037109375 y 1 J 1 j 0 0 0 RG 0 0 0 rg 0.33 w B
Mx 	75.4994
T	69 85 68 70 72 71 w=27.8174	(braced)
Mx 	110.9766
T	69 82 91 w=15.1367	(box)
Mx 	14.8819
My 	101.1307
T	49 82 87 w=14.9609	(Not)
Mx 	32.5027
T	86 82 w=8.8916	(so)
Mx 	44.0541
T	70 88 85 89 92 w=23.4912	(curvy)
Draw SVG	101.1307	37.8174	10.5957	1.0000	2.5 2.44140625 m 1.25 2.44140625 1.25 5.09033203125 v 1.25 7.7392578125 0 7.7392578125 v 2.25 7.7392578125 1.75 5.09033203125 y 1.25 2.44140625 2.5 2.44140625 y 2.5 13.037109375 m 1.25 13.037109375 1.25 10.38818359375 v 1.25 7.7392578125 0 7.7392578125 v 2.25 7.7392578125 1.75 10.38818359375 y 1.25 13.037109375 2.5 13.037109375 y 1 J 1 j 0 0 0 RG 0 0 0 rg 0.33 w B 35.3173828125 2.44140625 m 36.5673828125 2.44140625 36.5673828125 5.09033203125 v 36.5673828125 7.7392578125 37.8173828125 7.7392578125 v 35.5673828125 7.7392578125 36.0673828125 5.09033203125 y 36.5673828125 2.44140625 35.3173828125 2.44140625 y 35.3173828125 13.037109375 m 36.5673828125 13.037109375 36.5673828125 10.38818359375 v 36.5673828125 7.7392578125 37.8173828125 7.7392578125 v 35.5673828125 7.7392578125 36.0673828125 10.38818359375 y 36.5673828125 13.037109375 35.3173828125 13.037109375 y 1 J 1 j 0 0 0 RG 0 0 0 rg 0.33 w B
Mx 	75.2052
T	69 85 68 70 72 71 w=27.8174	(braced)
Mx 	110.6825
T	69 82 91 w=15.1367	(box)
Mx 	14.8819
My 	119.1307
T	48 82 85 72 w=21.6699	(More)
Mx 	39.2122
T	70 88 85 89 92 w=23.4912	(curvy)
Draw SVG	119.1307	37.8174	10.5957	1.0000	2.5 2.44140625 m 0.6875 2.44140625 1.8125 5.09033203125 v 2.9375 7.7392578125 0 7.7392578125 v 3.9375 7.7392578125 2.3125 5.09033203125 y 0.6875 2.44140625 2.5 2.44140625 y 2.5 13.037109375 m 0.6875 13.037109375 1.8125 10.38818359375 v 2.9375 7.7392578125 0 7.7392578125 v 3.9375 7.7392578125 2.3125 10.38818359375 y 0.6875 13.037109375 2.5 13.037109375 y 1 J 1 j 0 0 0 RG 0 0 0 rg 0.33 w B 35.3173828125 2.44140625 m 37.1298828125 2.44140625 36.0048828125 5.09033203125 v 34.8798828125 7.7392578125 37.8173828125 7.7392578125 v 33.8798828125 7.7392578125 35.5048828125 5.09033203125 y 37.1298828125 2.44140625 35.3173828125 2.44140625 y 35.3173828125 13.037109375 m 37.1298828125 13.037109375 36.0048828125 10.38818359375 v 34.8798828125 7.7392578125 37.8173828125 7.7392578125 v 33.8798828125 7.7392578125 35.5048828125 10.38818359375 y 37.1298828125 13.037109375 35.3173828125 13.037109375 y 1 J 1 j 0 0 0 RG 0 0 0 rg 0.33 w B
Mx 	70.3638
T	69 85 68 70 72 71 w=27.8174	(braced)
Mx 	105.8416
T	69 82 91 w=15.1367	(box)
Mx 	14.8819
My 	137.1307
T	37 79 88 72 w=18.1250	(Blue)
Draw SVG	137.1307	37.8174	10.5957	1.0000	2.5 2.44140625 m 1 2.44140625 1.5 5.09033203125 v 2 7.7392578125 0 7.7392578125 v 3 7.7392578125 2 5.09033203125 y 1 2.44140625 2.5 2.44140625 y 2.5 13.037109375 m 1 13.037109375 1.5 10.38818359375 v 2 7.7392578125 0 7.7392578125 v 3 7.7392578125 2 10.38818359375 y 1 13.037109375 2.5 13.037109375 y 1 J 1 j 0 0 1 RG 0 0 1 rg 0.33 w B 35.3173828125 2.44140625 m 36.8173828125 2.44140625 36.3173828125 5.09033203125 v 35.8173828125 7.7392578125 37.8173828125 7.7392578125 v 34.8173828125 7.7392578125 35.8173828125 5.09033203125 y 36.8173828125 2.44140625 35.3173828125 2.44140625 y 35.3173828125 13.037109375 m 36.8173828125 13.037109375 36.3173828125 10.38818359375 v 35.8173828125 7.7392578125 37.8173828125 7.7392578125 v 34.8173828125 7.7392578125 35.8173828125 10.38818359375 y 36.8173828125 13.037109375 35.3173828125 13.037109375 y 1 J 1 j 0 0 1 RG 0 0 1 rg 0.33 w B
Mx 	40.6706
T	69 85 68 70 72 71 w=27.8174	(braced)
Mx 	76.1516
T	69 82 91 w=15.1367	(box)
Mx 	14.8819
My 	155.1307
T	47 68 85 74 72 85 w=26.7676	(Larger)
Draw SVG	155.1307	42.8174	10.5957	1.0000	5 2.44140625 m 2 2.44140625 3 5.09033203125 v 4 7.7392578125 0 7.7392578125 v 5 7.7392578125 3.5 5.09033203125 y 2 2.44140625 5 2.44140625 y 5 13.037109375 m 2 13.037109375 3 10.38818359375 v 4 7.7392578125 0 7.7392578125 v 5 7.7392578125 3.5 10.38818359375 y 2 13.037109375 5 13.037109375 y 1 J 1 j 0 0 0 RG 0 0 0 rg 0.33 w B 37.8173828125 2.44140625 m 40.8173828125 2.44140625 39.8173828125 5.09033203125 v 38.8173828125 7.7392578125 42.8173828125 7.7392578125 v 37.8173828125 7.7392578125 39.3173828125 5.09033203125 y 40.8173828125 2.44140625 37.8173828125 2.44140625 y 37.8173828125 13.037109375 m 40.8173828125 13.037109375 39.8173828125 10.38818359375 v 38.8173828125 7.7392578125 42.8173828125 7.7392578125 v 37.8173828125 7.7392578125 39.3173828125 10.38818359375 y 40.8173828125 13.037109375 37.8173828125 13.037109375 y 1 J 1 j 0 0 0 RG 0 0 0 rg 0.33 w B
Mx 	51.8116
T	69 85 68 70 72 71 w=27.8174	(braced)
Mx 	89.7912
T	69 82 91 w=15.1367	(box)
Mx 	14.8819
My 	173.1307
T	43 72 68 89 92 w=25.6104	(Heavy)
Draw SVG	173.1307	37.8174	10.5957	1.0000	2.5 2.44140625 m 1 2.44140625 1.5 5.09033203125 v 2 7.7392578125 0 7.7392578125 v 3 7.7392578125 2 5.09033203125 y 1 2.44140625 2.5 2.44140625 y 2.5 13.037109375 m 1 13.037109375 1.5 10.38818359375 v 2 7.7392578125 0 7.7392578125 v 3 7.7392578125 2 10.38818359375 y 1 13.037109375 2.5 13.037109375 y 1 J 1 j 0 0 0 RG 0 0 0 rg 1 w B 35.3173828125 2.44140625 m 36.8173828125 2.44140625 36.3173828125 5.09033203125 v 35.8173828125 7.7392578125 37.8173828125 7.7392578125 v 34.8173828125 7.7392578125 35.8173828125 5.09033203125 y 36.8173828125 2.44140625 35.3173828125 2.44140625 y 35.3173828125 13.037109375 m 36.8173828125 13.037109375 36.3173828125 10.38818359375 v 35.8173828125 7.7392578125 37.8173828125 7.7392578125 v 34.8173828125 7.7392578125 35.8173828125 10.38818359375 y 36.8173828125 13.037109375 35.3173828125 13.037109375 y 1 J 1 j 0 0 0 RG 0 0 0 rg 1 w B
Mx 	48.1551
T	69 85 68 70 72 71 w=27.8174	(braced)
Mx 	83.6353
T	69 82 91 w=15.1367	(box)
End page
Finish
