Set paper size 	297.6377985	419.5275636
Begin page
Mx 	14.8819
My 	30.5447
Set font 	Gentium Plus;10;400;;normal;;LTR
T	36 w=5.9521	(A)
Draw SVG	30.5447	51.5727	13.9121	1.0000	0 4.34375 51.572672210037 13.912109375 re 0 0 0 RG 1 1 1 rg 0.4 w B
Mx 	25.4995
T	86 84 88 68 85 72 w=27.4805	(square)
Mx 	55.6454
T	69 82 91 w=15.1367	(box)
Mx 	70.7821
T	17 w=2.2900	(.)
Mx 	14.8819
My 	45.4568
T	36 w=5.9521	(A)
Draw SVG	45.4568	144.1217	13.9121	1.0000	3 7.34375 144.12165773841 13.912109375 re 0 0 0 rg f 0 4.34375 144.12165773841 13.912109375 re 0 0 0 RG 1 1 1 rg 0.4 w B
Mx 	25.4890
T	86 84 88 68 85 72 w=27.4805	(square)
Mx 	55.6244
T	69 82 91 w=15.1367	(box)
Mx 	73.4160
T	90 76 87 75 w=18.7305	(with)
Mx 	94.8014
T	71 85 82 83 83 72 71 w=34.6045	(dropped)
Mx 	132.0608
T	86 75 68 71 82 90 w=31.2598	(shadow)
Mx 	163.3206
T	17 w=2.2900	(.)
Mx 	14.8819
My 	63.3690
T	36 w=5.9521	(A)
Draw SVG	63.3690	85.1480	13.9121	1.0000	3 7.34375 85.148033056956 13.912109375 re 0.86274509803922 g f 0 4.34375 85.148033056956 13.912109375 re 0.72549019607843 0.25098039215686 0.31764705882353 RG 0.92549019607843 0.69019607843137 0.72156862745098 rg 0.4 w B
Mx 	25.4955
T	70 82 79 82 85 72 71 w=30.9180	(colored)
Mx 	59.0748
T	86 84 88 68 85 72 w=27.4805	(square)
Mx 	89.2167
T	69 82 91 w=15.1367	(box)
Mx 	104.3535
T	17 w=2.2900	(.)
Mx 	14.8819
My 	81.2811
T	36 w=5.9521	(A)
Draw SVG	81.2811	82.4003	13.9121	1.0000	5 4.34375 m 77.400275221697 4.34375 l 80.161698970851 4.34375 82.400275221697 6.582326250846 82.400275221697 9.34375 c 82.400275221697 13.255859375 l 82.400275221697 16.017283124154 79.638851472543 18.255859375 77.400275221697 18.255859375 c 5 18.255859375 l 2.238576250846 18.255859375 0 15.494435625846 0 13.255859375 c 0 9.34375 l 0 6.582326250846 2.761423749154 4.34375 5 4.34375 c 0 0 0 RG 1 1 1 rg 0.4 w B
Mx 	25.4961
T	83 79 68 76 81 w=20.8252	(plain)
Mx 	48.9833
T	85 82 88 81 71 72 71 w=34.8242	(rounded)
Mx 	86.4696
T	69 82 91 w=15.1367	(box)
Mx 	101.6063
T	17 w=2.2900	(.)
Mx 	14.8819
My 	96.1932
T	36 w=5.9521	(A)
Draw SVG	96.1932	151.4622	13.9121	1.0000	8 7.34375 m 149.46217511257 7.34375 l 152.22359886173 7.34375 154.46217511257 9.582326250846 154.46217511257 12.34375 c 154.46217511257 16.255859375 l 154.46217511257 19.017283124154 151.70075136342 21.255859375 149.46217511257 21.255859375 c 8 21.255859375 l 5.238576250846 21.255859375 3 18.494435625846 3 16.255859375 c 3 12.34375 l 3 9.582326250846 5.761423749154 7.34375 8 7.34375 c 0 0 0 rg f 5 4.34375 m 146.46217511257 4.34375 l 149.22359886173 4.34375 151.46217511257 6.582326250846 151.46217511257 9.34375 c 151.46217511257 13.255859375 l 151.46217511257 16.017283124154 148.70075136342 18.255859375 146.46217511257 18.255859375 c 5 18.255859375 l 2.238576250846 18.255859375 0 15.494435625846 0 13.255859375 c 0 9.34375 l 0 6.582326250846 2.761423749154 4.34375 5 4.34375 c 0 0 0 RG 1 1 1 rg 0.4 w B
Mx 	25.4882
T	85 82 88 81 71 72 71 w=34.8242	(rounded)
Mx 	62.9665
T	69 82 91 w=15.1367	(box)
Mx 	80.7573
T	90 76 87 75 w=18.7305	(with)
Mx 	102.1419
T	71 85 82 83 83 72 71 w=34.6045	(dropped)
Mx 	139.4005
T	86 75 68 71 82 90 w=31.2598	(shadow)
Mx 	170.6603
T	17 w=2.2900	(.)
Mx 	14.8819
My 	114.1053
T	36 w=5.9521	(A)
Draw SVG	114.1053	117.6620	14.0098	1.0000	8 7.44140625 m 115.66199427628 7.44140625 l 118.42341802544 7.44140625 120.66199427628 9.679982500846 120.66199427628 12.44140625 c 120.66199427628 16.451171875 l 120.66199427628 19.212595624154 117.90057052713 21.451171875 115.66199427628 21.451171875 c 8 21.451171875 l 5.238576250846 21.451171875 3 18.689748125846 3 16.451171875 c 3 12.44140625 l 3 9.679982500846 5.761423749154 7.44140625 8 7.44140625 c 0.86274509803922 g f 5 4.44140625 m 112.66199427628 4.44140625 l 115.42341802544 4.44140625 117.66199427628 6.679982500846 117.66199427628 9.44140625 c 117.66199427628 13.451171875 l 117.66199427628 16.212595624154 114.90057052713 18.451171875 112.66199427628 18.451171875 c 5 18.451171875 l 2.238576250846 18.451171875 0 15.689748125846 0 13.451171875 c 0 9.44140625 l 0 6.679982500846 2.761423749154 4.44140625 5 4.44140625 c 0.72549019607843 0.25098039215686 0.31764705882353 RG 0.92549019607843 0.69019607843137 0.72156862745098 rg 0.4 w B
Mx 	25.4919
T	73 68 81 70 92 w=22.5195	(fancy)
Mx 	50.6692
T	70 82 79 82 85 72 71 w=30.9180	(colored)
Mx 	84.2451
T	85 82 88 81 71 72 71 w=34.8242	(rounded)
Mx 	121.7271
T	69 82 91 w=15.1367	(box)
Mx 	136.8638
T	17 w=2.2900	(.)
End page
Finish
